[dotenv@17.3.1] injecting env (3) from .env.local -- tip: 🔐 encrypt with Dotenvx: https://dotenvx.com
Attempting login...
node : Login Error: {
At line:1 char:1
+ node test-login.js > test-output.txt 2>&1
+ ~~~~~~~~~~~~~~~~~~~~~~~~~~~~~~~~~~~~~~~~~
    + CategoryInfo          : NotSpecified: (Login Error: {:String) [], RemoteException
    + FullyQualifiedErrorId : NativeCommandError
 
  "__isAuthError": true,
  "name": "AuthApiError",
  "status": 500,
  "code": "unexpected_failure"
}
Assertion failed: !(handle->flags & UV_HANDLE_CLOSING), file src\win\async.c, line 76
